Mar  7 16:50:23 some-hostname MobileSafari[24969]: assertion failed: 15D21 13C75: libxpc.dylib + 58018 [3E9AE163-9A95-35D3-BA2C-2E7144498580]: 0x7d
Mar  7 16:50:23 some-hostname assertiond[24915]: assertion failed: 15D21 13C75: assertiond + 12188 [8CF1968D-3466-38B7-B225-3F6F5B64C552]: 0x1
Mar  7 16:50:23 --- last message repeated 3 times ---
Mar  7 16:50:23 some-hostname SpringBoard[24911]: [MPUSystemMediaControls] Updating supported commands for now playing application.
Mar  7 16:50:23 some-hostname MobileSafari[24969]: Simulator user has requested new graphics quality: 10
Mar  7 16:50:23 some-hostname MobileSafari[24969]: Normal message received by listener connection. Ignoring.
Mar  7 16:50:23 --- last message repeated 1 time ---
Mar  7 16:50:23 some-hostname MobileSafari[24969]: tcp_connection_set_tfo 3 TFO is not yet supported on Simulator
Mar  7 16:50:23 some-hostname assertiond[24915]: assertion failed: 15D21 13C75: assertiond + 12188 [8CF1968D-3466-38B7-B225-3F6F5B64C552]: 0x1
Mar  7 16:50:23 some-hostname MobileSafari[24969]: Normal message received by listener connection. Ignoring.
Mar  7 16:50:23 some-hostname containermanagerd[24968]: 0x1087d3000 main: containermanagerd performing first boot initialization
Mar  7 16:50:23 some-hostname assertiond[24915]: assertion failed: 15D21 13C75: assertiond + 12188 [8CF1968D-3466-38B7-B225-3F6F5B64C552]: 0x1
Mar  7 16:50:23 some-hostname securityd[24925]:  SecOCSPSingleResponseCreate OCSPResponse: single response has extension(s).
Mar  7 16:50:24 --- last message repeated 1 time ---
Mar  7 16:50:24 some-hostname assertiond[24915]: assertion failed: 15D21 13C75: assertiond + 12188 [8CF1968D-3466-38B7-B225-3F6F5B64C552]: 0x1
Mar  7 16:50:24 --- last message repeated 1 time ---
Mar  7 16:50:24 some-hostname securityd[24925]:  SecOCSPSingleResponseCreate OCSPResponse: single response has extension(s).
Mar  7 16:50:24 --- last message repeated 1 time ---
Mar  7 16:50:24 some-hostname SpringBoard[24911]: [MPUSystemMediaControls] Updating supported commands for now playing application.
Mar  7 16:50:24 some-hostname assertiond[24915]: assertion failed: 15D21 13C75: assertiond + 12188 [8CF1968D-3466-38B7-B225-3F6F5B64C552]: 0x1
Mar  7 16:50:24 --- last message repeated 11 times ---
Mar  7 16:50:24 some-hostname profiled[24950]: (Note ) MC: Loaded MobileCoreServices.framework
Mar  7 16:50:24 some-hostname assertiond[24915]: assertion failed: 15D21 13C75: assertiond + 12188 [8CF1968D-3466-38B7-B225-3F6F5B64C552]: 0x1
Mar  7 16:50:25 --- last message repeated 9 times ---
Mar  7 16:50:25 some-hostname suggestd[24937]: table drop: 101
Mar  7 16:50:26 some-hostname assertiond[24915]: assertion failed: 15D21 13C75: assertiond + 12188 [8CF1968D-3466-38B7-B225-3F6F5B64C552]: 0x1
Mar  7 16:50:26 --- last message repeated 1 time ---
Mar  7 16:50:26 some-hostname SpringBoard[24911]: [MPUSystemMediaControls] Updating supported commands for now playing application.
Mar  7 16:50:26 some-hostname assertiond[24915]: assertion failed: 15D21 13C75: assertiond + 12188 [8CF1968D-3466-38B7-B225-3F6F5B64C552]: 0x1
Mar  7 16:50:26 some-hostname fileproviderd[24898]: plugin com.apple.ServerDocuments.ServerFileProvider invalidated
Mar  7 16:50:26 some-hostname assertiond[24915]: assertion failed: 15D21 13C75: assertiond + 12188 [8CF1968D-3466-38B7-B225-3F6F5B64C552]: 0x1
Mar  7 16:50:26 some-hostname ServerFileProvider[24964]: host connection <NSXPCConnection: 0x7fe440e03ce0> connection from pid 24898 invalidated
Mar  7 16:50:26 some-hostname SpringBoard[24911]: [MPUSystemMediaControls] Updating supported commands for now playing application.
Mar  7 16:50:26 some-hostname assertiond[24915]: assertion failed: 15D21 13C75: assertiond + 12188 [8CF1968D-3466-38B7-B225-3F6F5B64C552]: 0x1
Mar  7 16:50:26 some-hostname SpringBoard[24911]: BSXPCMessage received error for message: Connection interrupted
Mar  7 16:50:26 some-hostname assertiond[24915]: assertion failed: 15D21 13C75: assertiond + 12188 [8CF1968D-3466-38B7-B225-3F6F5B64C552]: 0x1
Mar  7 16:50:26 --- last message repeated 1 time ---
Mar  7 16:50:26 some-hostname com.apple.CoreSimulator.SimDevice.51895E05-73ED-4A98-8834-DC2F67B6BE41.launchd_sim[24894] (com.apple.WebKit.Networking.4A27D4BB-0160-4574-A183-8B3C08F085D1[24974]): Service exited with abnormal code: 1
Mar  7 16:50:26 some-hostname com.apple.CoreSimulator.SimDevice.51895E05-73ED-4A98-8834-DC2F67B6BE41.launchd_sim[24894] (com.apple.WebKit.Networking.29442701-A148-49D6-AE71-4A3AB00A8771[24972]): Service exited with abnormal code: 1
Mar  7 16:50:26 some-hostname com.apple.CoreSimulator.SimDevice.51895E05-73ED-4A98-8834-DC2F67B6BE41.launchd_sim[24894] (com.apple.WebKit.Networking.4BA12060-F65F-4D56-B4A6-A134619EC8A8[24976]): Service exited with abnormal code: 1
Mar  7 16:50:26 some-hostname com.apple.CoreSimulator.SimDevice.51895E05-73ED-4A98-8834-DC2F67B6BE41.launchd_sim[24894] (com.apple.WebKit.WebContent.C940F528-8AC8-4E2D-BF27-9D433F7B5D5D[24975]): Service exited with abnormal code: 1
Mar  7 16:50:26 some-hostname deleted[24930]: 0x70000021d000 CacheDelete: CallBlockWithProxy timed out waiting for com.apple.WebBookmarks.CacheDelete
Mar  7 16:50:26 some-hostname SpringBoard[24911]: Application 'UIKitApplication:com.apple.mobilesafari[0x56bb]' exited voluntarily.
Mar  7 16:50:26 some-hostname assertiond[24915]: assertion failed: 15D21 13C75: assertiond + 12188 [8CF1968D-3466-38B7-B225-3F6F5B64C552]: 0x1
Mar  7 16:50:26 some-hostname assertiond[24915]: notify_suspend_pid() failed with error 7
Mar  7 16:50:26 some-hostname assertiond[24915]: assertion failed: 15D21 13C75: assertiond + 12188 [8CF1968D-3466-38B7-B225-3F6F5B64C552]: 0x1
Mar  7 16:50:29 some-hostname SpringBoard[24911]: Weekly asset update check did fire (force=NO)
Mar  7 16:50:29 some-hostname SpringBoard[24911]: Beginning check for asset updates (force: 0
Mar  7 16:50:29 some-hostname SpringBoard[24911]: Did not complete check for asset updates (force: 0, isVoiceOverRunning: 0
Mar  7 16:50:29 some-hostname assertiond[24915]: assertion failed: 15D21 13C75: assertiond + 12188 [8CF1968D-3466-38B7-B225-3F6F5B64C552]: 0x1
Mar  7 16:50:29 some-hostname searchd[24935]: plugin com.apple.MobileAddressBook.ContactsCoreSpotlightExtension invalidated
Mar  7 16:50:29 some-hostname ContactsCoreSpotlightExtension[24957]: host connection <NSXPCConnection: 0x7fb555910b90> connection from pid 24935 invalidated
Mar  7 16:50:29 some-hostname assertiond[24915]: assertion failed: 15D21 13C75: assertiond + 12188 [8CF1968D-3466-38B7-B225-3F6F5B64C552]: 0x1
Mar  7 16:50:30 some-hostname suggestd[24937]: 2016-03-07 16:50:30.856+0000|24937|0x7f8ce9475630|EventKit: __44-[EKEventStore insertSuggestedEventCalendar]_block_invoke_3: Could not insert the Found in Mail calendar with error Error Domain=EKCADErrorDomain Code=1012 "(null)"
Mar  7 16:50:31 some-hostname deleted[24930]: 0x70000021d000 CacheDelete: CallBlockWithProxy timed out waiting for com.apple.TextInput.CacheDelete
Mar  7 16:50:39 some-hostname searchd[24935]: tcp_connection_set_tfo 6 TFO is not yet supported on Simulator
Mar  7 16:50:48 some-hostname lsd[24939]: LaunchServices: Currently 0 installed placeholders: (
	)
